2026-07-27 00:48:15 - Validação do ambiente concluída.
2026-07-27 00:48:21 - Validação do ambiente concluída.
2026-07-27 00:49:28 - Validação do ambiente concluída.
2026-07-27 00:49:36 - Validação do ambiente concluída.
2026-07-27 00:51:40 - Validação do ambiente concluída.
2026-07-27 00:59:13 - AtlasBootstrap iniciado.
2026-07-27 00:59:13 - Validação do ambiente concluída.
2026-07-27 22:42:22 [INFO] AtlasBootstrap iniciado.
2026-07-27 22:42:22 [INFO] Validação do ambiente concluída.
2026-07-27 23:13:41 [INFO] AtlasBootstrap iniciado.
2026-07-27 23:13:41 [INFO] Arquivo de configuração carregado.
2026-07-27 23:13:41 [INFO] Validação do ambiente concluída.
2026-07-27 23:36:03 [INFO] AtlasBootstrap iniciado.
2026-07-27 23:36:03 [INFO] Arquivo de configuração carregado.
2026-07-27 23:36:03 [INFO] Validação do ambiente concluída.
2026-07-27 23:54:32 [INFO] AtlasBootstrap iniciado.
2026-07-27 23:54:32 [INFO] Arquivo de configuração carregado.
2026-07-27 23:54:32 [INFO] Programa 'git' encontrado.
2026-07-27 23:54:32 [INFO] Programa 'code' encontrado.
2026-07-27 23:54:32 [INFO] Validação do ambiente concluída.
